// Jest Snapshot v1, https://goo.gl/fbAQLP

exports[`ColHeaderRow matches snapshot 1`] = `
<div
  class="css-wkndpb-Row eft810l0"
  data-row="header"
>
  <div
    class="css-10tzczs-InnerBorder eft810l1"
  />
  <div
    class="col-label-height css-bow3c7-Root-ColHeader e11zdtao0"
    data-col="A"
  >
    A
    <button
      class="css-rewts0-BtnWidth e11zdtao1"
      tabindex="-1"
    />
  </div>
  <div
    class="col-label-height css-bow3c7-Root-ColHeader e11zdtao0"
    data-col="B"
  >
    B
    <button
      class="css-rewts0-BtnWidth e11zdtao1"
      tabindex="-1"
    />
  </div>
</div>
`;
