// Jest Snapshot v1, https://goo.gl/fbAQLP

exports[`ColLabelRow matches snapshot 1`] = `
<div
  class="css-g0yt5d-Row e1ia7370"
  data-row="header"
>
  <div
    class="row-label-width col-label-height css-ql6bmv-InnerBorder e1ia7371"
  />
  <div
    class="col-label-width col-label-height css-19eh4ji-InnerBorder e1al44mo0"
    data-col="A"
  >
    A
  </div>
  <div
    class="col-label-width col-label-height css-19eh4ji-InnerBorder e1al44mo0"
    data-col="B"
  >
    B
  </div>
</div>
`;
