// Jest Snapshot v1, https://goo.gl/fbAQLP

exports[`DataRow matches snapshot 1`] = `
<div
  class="css-g0yt5d-Row exk1gay0"
  data-row="2"
>
  <div
    class="row-header-width css-1i9qrac-Root e1d5mcq00"
    data-row="2"
  >
    2
    <button
      class="css-i54eap-BtnHeight e1d5mcq01"
      tabindex="-1"
    />
  </div>
  <div
    class="css-1kx7ize-Root-OutterBorder e17q3q8l0"
    data-cell="border"
  >
    <div
      class="css-4dsbpr-Root-Datum e1rvd88v0"
      data-cell="result"
      data-location="A-2"
      tabindex="0"
    />
  </div>
  <div
    class="css-1kx7ize-Root-OutterBorder e17q3q8l0"
    data-cell="border"
  >
    <div
      class="css-4dsbpr-Root-Datum e1rvd88v0"
      data-cell="result"
      data-location="B-2"
      tabindex="0"
    />
  </div>
</div>
`;
