// Jest Snapshot v1, https://goo.gl/fbAQLP

exports[`Table functional tests matches snapshot 1`] = `
<div
  class="css-1ao9an6-Grid e13nwjgw0"
  data-table="app"
>
  <div
    class="css-wkndpb-Row eft810l0"
    data-row="header"
  >
    <div
      class="css-3294vg-InnerBorder eft810l1"
    />
    <div
      class="col-label-height css-bow3c7-Root-ColHeader e11zdtao0"
      data-col="A"
    >
      A
      <button
        class="css-rewts0-BtnWidth e11zdtao1"
        tabindex="-1"
      />
    </div>
    <div
      class="col-label-height css-bow3c7-Root-ColHeader e11zdtao0"
      data-col="B"
    >
      B
      <button
        class="css-rewts0-BtnWidth e11zdtao1"
        tabindex="-1"
      />
    </div>
  </div>
  <div
    class="css-g0yt5d-Row e1qfob7v0"
    data-row="1"
  >
    <div
      class="row-header-width css-kuen0s-Root e1d5mcq00"
      data-row="1"
    >
      1
      <button
        class="css-i54eap-BtnHeight e1d5mcq01"
        tabindex="-1"
      />
    </div>
    <div
      class="css-1kx7ize-Root-OutterBorder e17q3q8l0"
      data-cell="border"
    >
      <div
        class="css-1xcfbet-Root-Datum e1rvd88v0"
        data-cell="result"
        data-location="A-1"
        tabindex="0"
      />
    </div>
    <div
      class="css-1kx7ize-Root-OutterBorder e17q3q8l0"
      data-cell="border"
    >
      <div
        class="css-1516bbv-Root-Datum e1rvd88v0"
        data-cell="result"
        data-location="B-1"
        tabindex="0"
      />
    </div>
  </div>
  <div
    class="css-g0yt5d-Row e1qfob7v0"
    data-row="2"
  >
    <div
      class="row-header-width css-kuen0s-Root e1d5mcq00"
      data-row="2"
    >
      2
      <button
        class="css-i54eap-BtnHeight e1d5mcq01"
        tabindex="-1"
      />
    </div>
    <div
      class="css-1kx7ize-Root-OutterBorder e17q3q8l0"
      data-cell="border"
    >
      <div
        class="css-1516bbv-Root-Datum e1rvd88v0"
        data-cell="result"
        data-location="A-2"
        tabindex="0"
      />
    </div>
    <div
      class="css-1kx7ize-Root-OutterBorder e17q3q8l0"
      data-cell="border"
    >
      <div
        class="css-1516bbv-Root-Datum e1rvd88v0"
        data-cell="result"
        data-location="B-2"
        tabindex="0"
      />
    </div>
  </div>
</div>
`;
