// Jest Snapshot v1, https://goo.gl/fbAQLP

exports[`Table functional tests matches snapshot 1`] = `
<div
  class="css-1pfmi74-Grid e1tmjcr20"
  data-table="app"
>
  <div
    class="css-g0yt5d-Row e40r6tf0"
    data-row="header"
  >
    <div
      class="row-label-width col-label-height css-ql6bmv-InnerBorder e40r6tf1"
    />
    <div
      class="col-label-height css-va29v5-InnerBorder-ColHeader e11zdtao0"
      data-col="A"
    >
      A
      <button
        class="css-1oguur2-BtnWidth e11zdtao1"
        tabindex="-1"
      />
    </div>
    <div
      class="col-label-height css-va29v5-InnerBorder-ColHeader e11zdtao0"
      data-col="B"
    >
      B
      <button
        class="css-1oguur2-BtnWidth e11zdtao1"
        tabindex="-1"
      />
    </div>
    <div
      class="col-label-height css-va29v5-InnerBorder-ColHeader e11zdtao0"
      data-col="C"
    >
      C
      <button
        class="css-1oguur2-BtnWidth e11zdtao1"
        tabindex="-1"
      />
    </div>
  </div>
  <div
    class="css-g0yt5d-Row exk1gay0"
    data-row="1"
  >
    <div
      class="row-label-width row-label-height css-1cj8orw-Wrapper e1d5mcq00"
      data-row="1"
    >
      1
    </div>
    <div
      class="row-label-height css-1p2iaz6-Wrapper-ResultCell egobumn0"
    >
      <div
        class="css-17w7ktc-Cell egobumn1"
        data-cell="result"
        data-location="A-1"
        tabindex="0"
      />
    </div>
    <div
      class="row-label-height css-1p2iaz6-Wrapper-ResultCell egobumn0"
    >
      <div
        class="css-17w7ktc-Cell egobumn1"
        data-cell="result"
        data-location="B-1"
        tabindex="0"
      />
    </div>
    <div
      class="row-label-height css-1p2iaz6-Wrapper-ResultCell egobumn0"
    >
      <div
        class="css-17w7ktc-Cell egobumn1"
        data-cell="result"
        data-location="C-1"
        tabindex="0"
      />
    </div>
  </div>
  <div
    class="css-g0yt5d-Row exk1gay0"
    data-row="2"
  >
    <div
      class="row-label-width row-label-height css-1cj8orw-Wrapper e1d5mcq00"
      data-row="2"
    >
      2
    </div>
    <div
      class="row-label-height css-1p2iaz6-Wrapper-ResultCell egobumn0"
    >
      <div
        class="css-17w7ktc-Cell egobumn1"
        data-cell="result"
        data-location="A-2"
        tabindex="0"
      />
    </div>
    <div
      class="row-label-height css-1p2iaz6-Wrapper-ResultCell egobumn0"
    >
      <div
        class="css-17w7ktc-Cell egobumn1"
        data-cell="result"
        data-location="B-2"
        tabindex="0"
      />
    </div>
    <div
      class="row-label-height css-1p2iaz6-Wrapper-ResultCell egobumn0"
    >
      <div
        class="css-17w7ktc-Cell egobumn1"
        data-cell="result"
        data-location="C-2"
        tabindex="0"
      />
    </div>
  </div>
</div>
`;
