// Jest Snapshot v1, https://goo.gl/fbAQLP

exports[`graph #isResolved identifies if vertex was already processed during graph recalculation 1`] = `
Array [
  Array [
    "A-2",
    Object {
      "type": "return",
      "value": false,
    },
  ],
  Array [
    "A-1",
    Object {
      "type": "return",
      "value": false,
    },
  ],
  Array [
    "A-3",
    Object {
      "type": "return",
      "value": false,
    },
  ],
  Array [
    "A-1",
    Object {
      "type": "return",
      "value": true,
    },
  ],
  Array [
    "B-3",
    Object {
      "type": "return",
      "value": false,
    },
  ],
  Array [
    "A-1",
    Object {
      "type": "return",
      "value": true,
    },
  ],
]
`;
